// Jest Snapshot v1, https://goo.gl/fbAQLP

exports[`components/repository.js should render itself & its children 1`] = `
<div>
  <div
    className="repository d-flex px-3 py-2 justify-content-between"
  >
    <div
      className="info pr-3"
    >
      <img
        className="avatar img-fluid mr-2"
        src="https://avatars0.githubusercontent.com/u/6333409?v=3"
      />
      <span
        onClick={[Function]}
      >
        manosim/gitify
      </span>
    </div>
    <span
      onClick={[Function]}
      title="Mark Repository as Read"
    >
      <svg
        aria-hidden="true"
        className="octicon octicon-check"
        height="16"
        version="1.1"
        viewBox="0 0 12 16"
        width="12"
      >
        <path
          d="M12 5l-8 8-4-4 1.5-1.5L4 10l6.5-6.5L12 5z"
          fill-rule="evenodd"
        />
      </svg>
    </span>
  </div>
  <span />
</div>
`;
