// Jest Snapshot v1, https://goo.gl/fbAQLP

exports[`routes/enterprise-login.js renders correctly 1`] = `
<div
  className="container-fluid main-container login"
>
  <div
    className="d-flex flex-row-reverse"
  >
    <a
      className="btn btn-close"
      href="/login"
      onClick={[Function]}
    >
      <svg
        aria-hidden="true"
        className="octicon octicon-x"
        height="16"
        version="1.1"
        viewBox="0 0 12 16"
        width="12"
      >
        <path
          d="M7.48 8l3.75 3.75-1.48 1.48L6 9.48l-3.75 3.75-1.48-1.48L4.52 8 .77 4.25l1.48-1.48L6 6.52l3.75-3.75 1.48 1.48L7.48 8z"
          fill-rule="evenodd"
        />
      </svg>
    </a>
  </div>
  <div
    className="desc"
  >
    Login to GitHub Enterprise.
  </div>
  <form
    onSubmit={[Function]}
  >
    <div
      className="form-group"
    >
      <label
        htmlFor="hostname"
      >
        Host Name
      </label>
      <div>
        <input
          className="form-control"
          name="hostname"
          onBlur={[Function]}
          onChange={[Function]}
          onDragStart={[Function]}
          onDrop={[Function]}
          onFocus={[Function]}
          placeholder="github.company.com"
          type="text"
          value=""
        />
      </div>
    </div>
    <div
      className="form-group"
    >
      <label
        htmlFor="clientId"
      >
        Client ID
      </label>
      <div>
        <input
          className="form-control"
          name="clientId"
          onBlur={[Function]}
          onChange={[Function]}
          onDragStart={[Function]}
          onDrop={[Function]}
          onFocus={[Function]}
          placeholder="123456789"
          type="text"
          value=""
        />
      </div>
    </div>
    <div
      className="form-group"
    >
      <label
        htmlFor="clientSecret"
      >
        Client Secret
      </label>
      <div>
        <input
          className="form-control"
          name="clientSecret"
          onBlur={[Function]}
          onChange={[Function]}
          onDragStart={[Function]}
          onDrop={[Function]}
          onFocus={[Function]}
          placeholder="ABC123DEF456"
          type="text"
          value=""
        />
      </div>
    </div>
    <button
      className="btn btn-md btn-login mt-2"
      type="submit"
    >
      <svg
        aria-hidden="true"
        className="octicon octicon-mark-github"
        height="16"
        version="1.1"
        viewBox="0 0 16 16"
        width="16"
      >
        <path
          d="M8 0C3.58 0 0 3.58 0 8c0 3.54 2.29 6.53 5.47 7.59.4.07.55-.17.55-.38 0-.19-.01-.82-.01-1.49-2.01.37-2.53-.49-2.69-.94-.09-.23-.48-.94-.82-1.13-.28-.15-.68-.52-.01-.53.63-.01 1.08.58 1.23.82.72 1.21 1.87.87 2.33.66.07-.52.28-.87.51-1.07-1.78-.2-3.64-.89-3.64-3.95 0-.87.31-1.59.82-2.15-.08-.2-.36-1.02.08-2.12 0 0 .67-.21 2.2.82.64-.18 1.32-.27 2-.27.68 0 1.36.09 2 .27 1.53-1.04 2.2-.82 2.2-.82.44 1.1.16 1.92.08 2.12.51.56.82 1.27.82 2.15 0 3.07-1.87 3.75-3.65 3.95.29.25.54.73.54 1.48 0 1.07-.01 1.93-.01 2.2 0 .21.15.46.55.38A8.013 8.013 0 0 0 16 8c0-4.42-3.58-8-8-8z"
          fill-rule="evenodd"
        />
      </svg>
       Login to GitHub Enterprise
    </button>
  </form>
</div>
`;
