// Jest Snapshot v1, https://goo.gl/fbAQLP

exports[`components/settings-modal.js should render itself & its children (closed modal) 1`] = `null`;

exports[`components/settings-modal.js should render itself & its children (open modal) 1`] = `
<div>
  <div
    className="modal-content"
  >
    <div
      className="modal-header"
    >
      <h5
        className="modal-title"
      >
        Settings
      </h5>
      <button
        aria-label="Close"
        className="close"
        onClick={[Function]}
      >
        <span
          aria-hidden="true"
        >
          Ã—
        </span>
      </button>
    </div>
    <div
      className="modal-body"
    >
      <div
        className="row setting"
      >
        <label
          className="setting-participating ant-checkbox-wrapper"
          onMouseEnter={undefined}
          onMouseLeave={undefined}
          style={undefined}
        >
          <span
            className="ant-checkbox"
            style={Object {}}
          >
            <input
              autoFocus={undefined}
              checked={false}
              className="ant-checkbox-input"
              disabled={undefined}
              id={undefined}
              name={undefined}
              onBlur={[Function]}
              onChange={[Function]}
              onClick={undefined}
              onFocus={[Function]}
              readOnly={undefined}
              tabIndex={undefined}
              type="checkbox"
              value={undefined}
            />
            <span
              className="ant-checkbox-inner"
            />
          </span>
          <span>
            Show only participating
          </span>
        </label>
      </div>
      <div
        className="row setting"
      >
        <label
          className="setting-play-sound ant-checkbox-wrapper ant-checkbox-wrapper-checked"
          onMouseEnter={undefined}
          onMouseLeave={undefined}
          style={undefined}
        >
          <span
            className="ant-checkbox ant-checkbox-checked"
            style={Object {}}
          >
            <input
              autoFocus={undefined}
              checked={true}
              className="ant-checkbox-input"
              disabled={undefined}
              id={undefined}
              name={undefined}
              onBlur={[Function]}
              onChange={[Function]}
              onClick={undefined}
              onFocus={[Function]}
              readOnly={undefined}
              tabIndex={undefined}
              type="checkbox"
              value={undefined}
            />
            <span
              className="ant-checkbox-inner"
            />
          </span>
          <span>
            Play sound
          </span>
        </label>
      </div>
      <div
        className="row setting"
      >
        <label
          className="setting-notifications ant-checkbox-wrapper ant-checkbox-wrapper-checked"
          onMouseEnter={undefined}
          onMouseLeave={undefined}
          style={undefined}
        >
          <span
            className="ant-checkbox ant-checkbox-checked"
            style={Object {}}
          >
            <input
              autoFocus={undefined}
              checked={true}
              className="ant-checkbox-input"
              disabled={undefined}
              id={undefined}
              name={undefined}
              onBlur={[Function]}
              onChange={[Function]}
              onClick={undefined}
              onFocus={[Function]}
              readOnly={undefined}
              tabIndex={undefined}
              type="checkbox"
              value={undefined}
            />
            <span
              className="ant-checkbox-inner"
            />
          </span>
          <span>
            Show notifications
          </span>
        </label>
      </div>
      <div
        className="row setting"
      >
        <label
          className="setting-mark-as-read ant-checkbox-wrapper"
          onMouseEnter={undefined}
          onMouseLeave={undefined}
          style={undefined}
        >
          <span
            className="ant-checkbox"
            style={Object {}}
          >
            <input
              autoFocus={undefined}
              checked={false}
              className="ant-checkbox-input"
              disabled={undefined}
              id={undefined}
              name={undefined}
              onBlur={[Function]}
              onChange={[Function]}
              onClick={undefined}
              onFocus={[Function]}
              readOnly={undefined}
              tabIndex={undefined}
              type="checkbox"
              value={undefined}
            />
            <span
              className="ant-checkbox-inner"
            />
          </span>
          <span>
            On Click, Mark as Read
          </span>
        </label>
      </div>
      <div
        className="row setting"
      >
        <label
          className="setting-open-at-startup ant-checkbox-wrapper"
          onMouseEnter={undefined}
          onMouseLeave={undefined}
          style={undefined}
        >
          <span
            className="ant-checkbox"
            style={Object {}}
          >
            <input
              autoFocus={undefined}
              checked={false}
              className="ant-checkbox-input"
              disabled={undefined}
              id={undefined}
              name={undefined}
              onBlur={[Function]}
              onChange={[Function]}
              onClick={undefined}
              onFocus={[Function]}
              readOnly={undefined}
              tabIndex={undefined}
              type="checkbox"
              value={undefined}
            />
            <span
              className="ant-checkbox-inner"
            />
          </span>
          <span>
            Open at startup
          </span>
        </label>
      </div>
      <div
        className="ant-radio-group ant-radio-group-outline"
        id={undefined}
        onMouseEnter={undefined}
        onMouseLeave={undefined}
        style={undefined}
      >
        <label
          className="setting-radio ant-radio-wrapper ant-radio-wrapper-checked"
          onMouseEnter={undefined}
          onMouseLeave={undefined}
          style={undefined}
        >
          <span
            className="ant-radio ant-radio-checked"
            style={Object {}}
          >
            <input
              autoFocus={undefined}
              checked={true}
              className="ant-radio-input"
              disabled={false}
              id={undefined}
              name={undefined}
              onBlur={[Function]}
              onChange={[Function]}
              onClick={undefined}
              onFocus={[Function]}
              readOnly={undefined}
              tabIndex={undefined}
              type="radio"
              value="both"
            />
            <span
              className="ant-radio-inner"
            />
          </span>
          <span>
            Both Icons
          </span>
        </label>
        <label
          className="setting-radio ant-radio-wrapper"
          onMouseEnter={undefined}
          onMouseLeave={undefined}
          style={undefined}
        >
          <span
            className="ant-radio"
            style={Object {}}
          >
            <input
              autoFocus={undefined}
              checked={false}
              className="ant-radio-input"
              disabled={false}
              id={undefined}
              name={undefined}
              onBlur={[Function]}
              onChange={[Function]}
              onClick={undefined}
              onFocus={[Function]}
              readOnly={undefined}
              tabIndex={undefined}
              type="radio"
              value="tray"
            />
            <span
              className="ant-radio-inner"
            />
          </span>
          <span>
            Tray Icon
          </span>
        </label>
        <label
          className="setting-radio ant-radio-wrapper"
          onMouseEnter={undefined}
          onMouseLeave={undefined}
          style={undefined}
        >
          <span
            className="ant-radio"
            style={Object {}}
          >
            <input
              autoFocus={undefined}
              checked={false}
              className="ant-radio-input"
              disabled={false}
              id={undefined}
              name={undefined}
              onBlur={[Function]}
              onChange={[Function]}
              onClick={undefined}
              onFocus={[Function]}
              readOnly={undefined}
              tabIndex={undefined}
              type="radio"
              value="dock"
            />
            <span
              className="ant-radio-inner"
            />
          </span>
          <span>
            Dock Icon
          </span>
        </label>
      </div>
      <hr />
      Version: 
      0.0.1
    </div>
    <div
      className="modal-footer"
    >
      <button
        className="btn btn-logout btn-outline-danger"
        onClick={[Function]}
      >
        <svg
          aria-hidden="true"
          className="octicon octicon-sign-out"
          height="16"
          version="1.1"
          viewBox="0 0 16 16"
          width="16"
        >
          <path
            d="M12 9V7H8V5h4V3l4 3-4 3zm-2 3H6V3L2 1h8v3h1V1c0-.55-.45-1-1-1H1C.45 0 0 .45 0 1v11.38c0 .39.22.73.55.91L6 16.01V13h4c.55 0 1-.45 1-1V8h-1v4z"
            fill-rule="evenodd"
          />
        </svg>
         Logout from all accounts
      </button>
    </div>
  </div>
</div>
`;
